[cne20.github.io/index.html]
[backblue.gif]
[fade.gif]
[index.html]
[cne20.github.io/assets/images/icon.svg]
[cne20.github.io/assets/images/icon.png]
[cne20.github.io/assets/css/lineicons.css]
[cne20.github.io/assets/css/bootstrap.min.css]
[cne20.github.io/assets/css/tiny-slider.css]
[cne20.github.io/assets/css/glightbox.min.css]
[cne20.github.io/assets/scss/starter.css]
[cne20.github.io/style.css]
[cne20.github.io/index-2.html]
[cne20.github.io/bag.html]
[cne20.github.io/exam.html]
[cne20.github.io/course.html]
[cne20.github.io/purposeful.html]
[cne20.github.io/assets/images/header/hero-image.jpg]
[cne20.github.io/assets/images/about/about-img1.jpg]
[cne20.github.io/assets/images/slider/1.jpg]
[cne20.github.io/assets/images/slider/2.jpg]
[cne20.github.io/assets/images/slider/3.jpg]
[cne20.github.io/assets/images/slider/4.jpg]
[cne20.github.io/assets/images/slider/5.jpg]
[cne20.github.io/assets/images/slider/6.jpg]
[cne20.github.io/assets/images/team/Anas Jamal.png]
[cne20.github.io/assets/images/team/Hamza Malty.png]
[cne20.github.io/assets/images/team/Khalil Abu Touq.jpg]
[cne20.github.io/assets/images/team/Abdul Rahman Al-Halimi.png]
[cne20.github.io/assets/images/team/Abdalrhman rezk.jpg]
[cne20.github.io/assets/images/team/Abdullah Al-Harbawi.png]
[cne20.github.io/assets/images/team/Abdullah Salah.jpg]
[cne20.github.io/assets/images/team/Mohammed alkhatib.jpg]
[cne20.github.io/assets/images/team/unset.png]
[cne20.github.io/assets/js/bootstrap.bundle.min.js]
[cne20.github.io/assets/js/glightbox.min.js]
[cne20.github.io/assets/js/main.js]
[cne20.github.io/assets/js/tiny-slider.js]
[cne20.github.io/index.html]
[cne20.github.io/assets/images/icon.svg]
[cne20.github.io/assets/css/bootstrap.min.css]
[cne20.github.io/assets/fonts/LineIcons.eot]
[cne20.github.io/assets/fonts/LineIcons.woff2]
[cne20.github.io/assets/fonts/LineIcons.woff]
[cne20.github.io/assets/fonts/LineIcons.ttf]
[cne20.github.io/assets/css/lineicons.css]
[cne20.github.io/assets/css/tiny-slider.html]
[cne20.github.io/assets/css/glightbox.min.css]
[cne20.github.io/assets/scss/starter.css]
[cne20.github.io/assets/fonts/LineIcons.svg]
[cne20.github.io/assets/images/call-action/overlay.png]
[cne20.github.io/style.css]
[cne20.github.io/index-2.html]
[cne20.github.io/assets/css/bag.css]
[cne20.github.io/assets/images/header/header-shape.svg]
[cne20.github.io/bag.html]
[cne20.github.io/assets/css/exam.css]
[cne20.github.io/exam.html]
[cne20.github.io/assets/css/course.css]
[cne20.github.io/assets/images/blog/1.jpg]
[cne20.github.io/assets/images/blog/b6.jpg]
[cne20.github.io/assets/images/blog/2.jpg]
[cne20.github.io/assets/images/blog/b7.jpg]
[cne20.github.io/assets/images/blog/3.jpg]
[cne20.github.io/assets/images/blog/b8.jpg]
[cne20.github.io/assets/images/blog/4.jpg]
[cne20.github.io/assets/images/blog/b9.jpg]
[cne20.github.io/assets/images/blog/5.jpg]
[cne20.github.io/assets/images/blog/b5.jpg]
[cne20.github.io/course.html]
[cne20.github.io/assets/css/purposeful.css]
[cne20.github.io/assets/images/card/card-0.jpg]
[cne20.github.io/assets/images/card/card-3.jpg]
[cne20.github.io/assets/images/card/card-1.jpg]
[cne20.github.io/assets/images/card/card-2.jpg]
[cne20.github.io/assets/images/card/card-6.jpg]
[cne20.github.io/assets/images/card/card-4.jpg]
[cne20.github.io/assets/images/card/card-5.jpg]
[cne20.github.io/purposeful.html]
[cne20.github.io/assets/fonts/LineIcons.svg]
[cne20.github.io/assets/css/bag.css]
[cne20.github.io/assets/images/header/header-shape.svg]
[cne20.github.io/assets/css/exam.css]
[cne20.github.io/assets/css/course.css]
[cne20.github.io/assets/css/purposeful.css]
